// Vitest Snapshot v1, https://vitest.dev/guide/snapshot.html

exports[`User Page > matches snapshot 1`] = `
<DocumentFragment>
  <div>
    <div
      data-testid="user-dashboard"
    >
      User Dashboard
    </div>
  </div>
</DocumentFragment>
`;
